// Jest Snapshot v1, https://goo.gl/fbAQLP

exports[`should render properly 1`] = `
<div>
  <div
    componentName="Item Component"
    id="3"
    product_name="Product 3"
    product_sale_price="$100.00"
    product_sku="VA03"
    quantity_ordered={1}
    selected_options={
      Array [
        Object {
          "label": "Color",
          "value": "Blue",
        },
      ]
    }
  />
  <div
    componentName="Item Component"
    id="4"
    product_name="Product 4"
    product_sale_price="$100.00"
    product_sku="VP08"
    quantity_ordered={1}
    selected_options={
      Array [
        Object {
          "label": "Color",
          "value": "Black",
        },
      ]
    }
  />
  <div
    componentName="Item Component"
    id={1108}
    product_name="Product 5"
    product_sale_price="$100.00"
    product_sku="VSW09"
    quantity_ordered={1}
    selected_options={
      Array [
        Object {
          "label": "Color",
          "value": "Orange",
        },
      ]
    }
    sku="VSW09"
    thumbnail={
      Object {
        "url": "https://master-7rqtwti-mfwmkrjfqvbjk.us-4.magentosite.cloud/media/catalog/product/cache/d3ba9f7bcd3b0724e976dc5144b29c7d/v/s/vsw01-rn_main_2.jpg",
      }
    }
    url_key="helena-cardigan"
    url_suffix=".html"
  />
</div>
`;
