// Jest Snapshot v1, https://goo.gl/fbAQLP

exports[`should render properly 1`] = `
<div>
  <div>
    <div
      componentName="Formatted Message Component"
      defaultMessage="Order Total"
      id="orderRow.orderTotal"
    />
  </div>
  <div>
    <span>
      <div
        componentName="Formatted Message Component"
        defaultMessage="Subtotal"
        id="orderRow.subtotal"
      />
    </span>
    <span>
      <div
        componentName="Price Component"
        currencyCode="USD"
        value={1234}
      />
    </span>
  </div>
  <div>
    <span>
      <div
        componentName="Formatted Message Component"
        defaultMessage="Discount"
        id="orderRow.discount"
      />
    </span>
    <span>
      <div
        componentName="Price Component"
        currencyCode="USD"
        value={123}
      />
    </span>
  </div>
  <div>
    <span>
      <div
        componentName="Formatted Message Component"
        defaultMessage="Tax"
        id="orderRow.tax"
      />
    </span>
    <span>
      <div
        componentName="Price Component"
        currencyCode="USD"
        value={34}
      />
    </span>
  </div>
  <div>
    <span>
      <div
        componentName="Formatted Message Component"
        defaultMessage="Shipping"
        id="orderRow.shipping"
      />
    </span>
    <span>
      <div
        componentName="Price Component"
        currencyCode="USD"
        value={12}
      />
    </span>
  </div>
  <div>
    <span>
      <div
        componentName="Formatted Message Component"
        defaultMessage="Total"
        id="orderRow.total"
      />
    </span>
    <span>
      <div
        componentName="Price Component"
        currencyCode="USD"
        value={1434}
      />
    </span>
  </div>
</div>
`;
